To honour the JVM settings for this build a single-use Daemon process will be forked. For more on this, please refer to https://docs.gradle.org/8.13/userguide/gradle_daemon.html#sec:disabling_the_daemon in the Gradle documentation.
Daemon will be stopped at the end of the build

> Configure project :app
WARNING: BuildType 'debug' is both debuggable and has 'isMinifyEnabled' set to true.
All code optimizations and obfuscation are disabled for debuggable builds.

> Task :app:buildKotlinToolingMetadata
> Task :app:checkKotlinGradlePluginConfigurationErrors SKIPPED
> Task :app:preBuild UP-TO-DATE
> Task :app:preReleaseBuild UP-TO-DATE
> Task :app:generateReleaseBuildConfig
> Task :app:checkReleaseAarMetadata
> Task :app:processReleaseNavigationResources
> Task :app:compileReleaseNavigationResources
> Task :app:generateReleaseResValues
> Task :app:mapReleaseSourceSetPaths
> Task :app:generateReleaseResources
> Task :app:createReleaseCompatibleScreenManifests
> Task :app:extractDeepLinksRelease
> Task :app:processReleaseMainManifest
> Task :app:processReleaseManifest
> Task :app:processReleaseManifestForPackage
> Task :app:javaPreCompileRelease
> Task :app:preReleaseUnitTestBuild UP-TO-DATE
> Task :app:javaPreCompileReleaseUnitTest
> Task :app:extractProguardFiles UP-TO-DATE
> Task :app:mergeReleaseResources
> Task :app:packageReleaseResources
> Task :app:parseReleaseLocalResources
> Task :app:processReleaseResources
> Task :app:compileReleaseKotlin
w: file://<private-workspace>/Development/nextcomp-modeled-symbols/android/app/src/main/java/co/fallsoft/pocket/ConversationNotesCard.kt:76:172 'val Icons.Rounded.OpenInNew: ImageVector' is deprecated. Use the AutoMirrored version at Icons.AutoMirrored.Rounded.OpenInNew.
w: file://<private-workspace>/Development/nextcomp-modeled-symbols/android/app/src/main/java/co/fallsoft/pocket/ConversationNotesCard.kt:79:86 'val Icons.Rounded.VolumeUp: ImageVector' is deprecated. Use the AutoMirrored version at Icons.AutoMirrored.Rounded.VolumeUp.
w: file://<private-workspace>/Development/nextcomp-modeled-symbols/android/app/src/main/java/co/fallsoft/pocket/ConversationNotesCard.kt:105:74 'val Icons.Rounded.VolumeUp: ImageVector' is deprecated. Use the AutoMirrored version at Icons.AutoMirrored.Rounded.VolumeUp.
w: file://<private-workspace>/Development/nextcomp-modeled-symbols/android/app/src/main/java/co/fallsoft/pocket/CoordinatorScreen.kt:110:141 'val Icons.Rounded.Send: ImageVector' is deprecated. Use the AutoMirrored version at Icons.AutoMirrored.Rounded.Send.
w: file://<private-workspace>/Development/nextcomp-modeled-symbols/android/app/src/main/java/co/fallsoft/pocket/CoordinatorScreen.kt:116:55 'val Icons.Rounded.ArrowBack: ImageVector' is deprecated. Use the AutoMirrored version at Icons.AutoMirrored.Rounded.ArrowBack.
w: file://<private-workspace>/Development/nextcomp-modeled-symbols/android/app/src/main/java/co/fallsoft/pocket/PocketAudio.kt:74:30 This declaration overrides a deprecated member but is not marked as deprecated itself. Add the '@Deprecated' annotation or suppress the diagnostic.
w: file://<private-workspace>/Development/nextcomp-modeled-symbols/android/app/src/main/java/co/fallsoft/pocket/PocketCoordinator.kt:127:36 Elvis operator (?:) always returns the left operand of non-nullable type 'JSONObject'.
w: file://<private-workspace>/Development/nextcomp-modeled-symbols/android/app/src/main/java/co/fallsoft/pocket/PocketFirebase.kt:47:67 'val token: Task<String!>' is deprecated. Deprecated in Java.
w: file://<private-workspace>/Development/nextcomp-modeled-symbols/android/app/src/main/java/co/fallsoft/pocket/PocketFirebase.kt:70:18 This declaration overrides a deprecated member but is not marked as deprecated itself. Add the '@Deprecated' annotation or suppress the diagnostic.
w: file://<private-workspace>/Development/nextcomp-modeled-symbols/android/app/src/main/java/co/fallsoft/pocket/PocketSpeech.kt:168:44 'constructor(p0: Int, p1: CharSequence!, p2: PendingIntent?): Notification.Action.Builder' is deprecated. Deprecated in Java.
w: file://<private-workspace>/Development/nextcomp-modeled-symbols/android/app/src/main/java/co/fallsoft/pocket/PocketSpeech.kt:274:30 This declaration overrides a deprecated member but is not marked as deprecated itself. Add the '@Deprecated' annotation or suppress the diagnostic.
w: file://<private-workspace>/Development/nextcomp-modeled-symbols/android/app/src/main/java/co/fallsoft/pocket/PocketSpeechCaptions.kt:48:127 'constructor(p0: Int, p1: CharSequence!, p2: PendingIntent?): Notification.Action.Builder' is deprecated. Deprecated in Java.
w: file://<private-workspace>/Development/nextcomp-modeled-symbols/android/app/src/main/java/co/fallsoft/pocket/PocketSpeechCaptions.kt:66:44 'constructor(p0: Int, p1: CharSequence!, p2: PendingIntent?): Notification.Action.Builder' is deprecated. Deprecated in Java.
w: file://<private-workspace>/Development/nextcomp-modeled-symbols/android/app/src/main/java/co/fallsoft/pocket/PocketVoice.kt:216:22 Unnecessary non-null assertion (!!) on a non-null receiver of type 'JSONObject'.
w: file://<private-workspace>/Development/nextcomp-modeled-symbols/android/app/src/main/java/co/fallsoft/pocket/VoiceScreen.kt:73:150 'val Icons.Rounded.Send: ImageVector' is deprecated. Use the AutoMirrored version at Icons.AutoMirrored.Rounded.Send.
w: file://<private-workspace>/Development/nextcomp-modeled-symbols/android/app/src/main/java/co/fallsoft/pocket/VoiceScreen.kt:76:55 'val Icons.Rounded.ArrowBack: ImageVector' is deprecated. Use the AutoMirrored version at Icons.AutoMirrored.Rounded.ArrowBack.
w: file://<private-workspace>/Development/nextcomp-modeled-symbols/android/app/src/main/java/co/fallsoft/pocket/VoiceScreen.kt:97:34 'val Icons.Rounded.VolumeUp: ImageVector' is deprecated. Use the AutoMirrored version at Icons.AutoMirrored.Rounded.VolumeUp.

> Task :app:compileReleaseJavaWithJavac
> Task :app:bundleReleaseClassesToCompileJar
> Task :app:bundleReleaseClassesToRuntimeJar
> Task :app:processReleaseJavaRes
> Task :app:generateReleaseLintReportModel
> Task :app:generateReleaseUnitTestLintModel
> Task :app:compileReleaseUnitTestKotlin
> Task :app:compileReleaseUnitTestJavaWithJavac NO-SOURCE
> Task :app:processReleaseUnitTestJavaRes
> Task :app:testReleaseUnitTest
> Task :app:lintAnalyzeRelease
> Task :app:lintAnalyzeReleaseUnitTest

> Task :app:lintReportRelease
Wrote HTML report to file://<private-workspace>/Development/nextcomp-modeled-symbols/android/app/build/reports/lint-results-release.html

> Task :app:lintRelease

BUILD SUCCESSFUL in 5m 44s
34 actionable tasks: 33 executed, 1 up-to-date
